[lapajaritashop.bigcartel.com/indexc96a.html]
[backblue.gif]
[fade.gif]
[index.html]
[lapajaritashop.bigcartel.com/theme_stylesheets/204931795/1675886323/theme.css]
[assets.bigcartel.com/account_images/5301048/filenameb3b4.jpg]
[lapajaritashop.bigcartel.com/index1c1f.html]
[lapajaritashop.bigcartel.com/products.xml]
[assets.bigcartel.com/account_images/5301048/filename4814.jpg]
[lapajaritashop.bigcartel.com/stats.min.js]
[lapajaritashop.bigcartel.com/products.html]
[lapajaritashop.bigcartel.com/category/summer-season-22.html]
[lapajaritashop.bigcartel.com/category/winter-season-23.html]
[lapajaritashop.bigcartel.com/politica-de-privacidad.html]
[lapajaritashop.bigcartel.com/contact.html]
[assets.bigcartel.com/theme_images/84158781/La+pajarita-neutral+blackbd18.png]
[lapajaritashop.bigcartel.com/index.html]
[lapajaritashop.bigcartel.com/cart.html]
[assets.bigcartel.com/theme_images/95501167/2023-02-04_12-54-41_832c336.jpg]
[lapajaritashop.bigcartel.com/product/unisex-t-shirt.html]
[lapajaritashop.bigcartel.com/product/polar-verde.html]
[assets.bigcartel.com/product_images/354462763/polar+web38d5.jpg]
[lapajaritashop.bigcartel.com/product/polar-azul-marino.html]
[assets.bigcartel.com/product_images/354460924/foto+web38d5.jpg]
[ajax.googleapis.com/ajax/libs/jquery/3.5.1/jquery.min.js]
[assets.bigcartel.com/api/5/api.eur3860.js]
[lapajaritashop.bigcartel.com/indexc96a.html]
[lapajaritashop.bigcartel.com/theme_stylesheets/204931795/1675886323/theme.css]
[lapajaritashop.bigcartel.com/index1c1f.html]
[lapajaritashop.bigcartel.com/products.html]
[lapajaritashop.bigcartel.com/category/summer-season-22.html]
[lapajaritashop.bigcartel.com/category/winter-season-23.html]
[assets.bigcartel.com/product_images/354462763/polar+webb3b4.jpg]
[lapajaritashop.bigcartel.com/cdn-cgi/l/email-protection.html]
[lapajaritashop.bigcartel.com/cdn-cgi/scripts/5c5dd728/cloudflare-static/email-decode.min.js]
[lapajaritashop.bigcartel.com/politica-de-privacidad.html]
[assets.bigcartel.com/theme_assets/109/1.5.5/theme3860.js]
[www.google.com/recaptcha/api.js]
[lapajaritashop.bigcartel.com/assets/contact-6976d753453bb7392dd2195bfb9fd56d685bbd2f8584586b8ddb76672a11009d.js]
[lapajaritashop.bigcartel.com/contact.html]
[lapajaritashop.bigcartel.com/index.html]
[lapajaritashop.bigcartel.com/cart.html]
[assets.pinterest.com/js/pinit.js]
[lapajaritashop.bigcartel.com/product/unisex-t-shirt.html]
[assets.bigcartel.com/product_images/354462763/polar+web5801.jpg]
[lapajaritashop.bigcartel.com/product/polar-verde.html]
[assets.bigcartel.com/product_images/354460924/foto+webb3b4.jpg]
[assets.bigcartel.com/product_images/354460924/foto+web5801.jpg]
[lapajaritashop.bigcartel.com/product/polar-azul-marino.html]
[lapajaritashop.bigcartel.com/cdn-cgi/l/email-protection.html]
